// Jest Snapshot v1, https://goo.gl/fbAQLP

exports[`Nav elements render as expected 1`] = `
<DocumentFragment>
  <nav
    class="navbar navbar-expand-lg navbar-dark"
  >
    <a
      class="navbar-brand"
      href="/"
    >
      <span
        class="stats"
      >
        Stats
      </span>
      Interactives
      <span
        class="beta"
      >
         Beta
      </span>
    </a>
    <div
      class="navbar-nav-scroll"
    >
      <ul
        class="navbar-nav bd-navbar-nav flex-row"
      >
        <li
          class="nav-item"
        >
          <a
            class="nav-link"
            href="/"
          >
            ← Back to the Collection
          </a>
        </li>
      </ul>
    </div>
  </nav>
  <div
    class="container"
  >
    <div
      aria-hidden="true"
      class="alert alert-danger d-block d-xl-none view-only"
      role="alert"
    >
      Stats Interactives are optimized for larger screens. Please switch to a desktop computer, or expand your browser size.
    </div>
  </div>
</DocumentFragment>
`;

exports[`Preview elements render as expected 1`] = `
<DocumentFragment>
  <div
    class="card col-md-3 graphcards"
  >
    <div
      class="card-body"
    >
      <h2
        class="card-title"
      >
        <a
          href="/central-limit-theorem"
        >
          The Central Limit Theorem
        </a>
      </h2>
      <p
        class="card-text"
      >
        The Central Limit Theorem establishes that, under some conditions, the mean of a sample drawn from a population follows a normal sampling distribution, even when the distribution of the population itself is not normally distributed.
      </p>
    </div>
  </div>
  <div
    class="card col-md-3 graphcards"
  >
    <div
      class="card-body"
    >
      <h2
        class="card-title"
      >
        <a
          href="/linear-regression-model"
        >
          Linear Regression Model
        </a>
      </h2>
      <p
        class="card-text"
      >
        A linear regression model assumes that the mean of the response variable is affected by the explanatory variables and that individual observations vary around the mean due to other factors.
      </p>
    </div>
  </div>
  <div
    class="card col-md-3 graphcards"
  >
    <div
      class="card-body"
    >
      <h2
        class="card-title"
      >
        <a
          href="/least-squares-estimation"
        >
          Least Squares Estimation
        </a>
      </h2>
      <p
        class="card-text"
      >
        Regressions are used to predict the average values in a data set. The difference between the actual value of an observation and the average value predicted by the regression is called a residual. An ordinary least squares regression minimizes the sum of squares of residuals.
      </p>
    </div>
  </div>
  <div
    class="card col-md-3 graphcards"
  >
    <div
      class="card-body"
    >
      <h2
        class="card-title"
      >
        <a
          href="/sampling-distribution-regression"
        >
          Sampling Distribution of Regression Coefficients
        </a>
      </h2>
      <p
        class="card-text"
      >
        Regression coefficients, like other sample statistics, are random variables with sampling distributions. Under certain conditions, they are unbiased estimators for the parameters of the regression model. Their standard deviation is directly proportional to the standard deviation of the disturbances.
      </p>
    </div>
  </div>
</DocumentFragment>
`;
